/home/noah/anaconda3/lib/python3.11/site-packages/gymnasium/utils/passive_env_checker.py:35: UserWarning: [33mWARN: A Box observation space maximum and minimum values are equal.[0m
  logger.warn("A Box observation space maximum and minimum values are equal.")
/home/noah/rl-controllers/configs/analytical_mushr.txt
{'env_name': 'CarLikeEnv_VG', 'dt': 0.1, 'max_steps': 150, 'prop_steps': 3, 'velocity_limits': [-0.3, 1], 'acceleration_limits': [-0.3, 0.3], 'steering_angle_limits': [-0.523, 0.523], 'env_limit': 10.0, 'distance_threshold': [0.5, 0.25, 0.3], 'loss_mode': 'combine_all_dist', 'goal_limit': [['-env_limit', 'env_limit'], ['-env_limit', 'env_limit'], ['-pi', 'pi'], ['low_vel', 'high_vel']], 'start_limit': [['-env_limit', 'env_limit'], ['-env_limit', 'env_limit'], ['-pi', 'pi'], ['low_vel', 'high_vel'], [0.0, 0.0]], 'num_steps': 3000000.0, 'alg': 'HER_SAC', 'seed': 0, 'model_uses_alt_env': True, 'model_env_config': 'analytical_mushr_zero_goal', 'geometry': True, 'geometry_yml': 'bar', 'edge_enhancement': False, 'epsilon': 10, 'max_rollout_steps_in_construction': 150}
/home/noah/rl-controllers/configs/analytical_mushr_zero_goal.txt
{'env_name': 'CarLikeEnv_VG_ZG', 'dt': 0.1, 'max_steps': 150, 'prop_steps': 3, 'velocity_limits': [-0.3, 1], 'acceleration_limits': [-0.3, 0.3], 'steering_angle_limits': [-0.523, 0.523], 'env_limit': 11.0, 'distance_threshold': [0.5, 0.25, 0.3], 'loss_mode': 'combine_all_dist', 'goal_limit': [[0.0, 0.0], [0.0, 0.0], [0.0, 0.0], ['low_vel', 'high_vel']], 'start_limit': [['-env_limit', 'env_limit'], ['-env_limit', 'env_limit'], ['-pi', 'pi'], ['low_vel', 'high_vel'], [0.0, 0.0]], 'num_steps': 5000000.0, 'alg': 'HER_SAC', 'seed': 0, 'model_uses_alt_env': False, 'geometry': False, 'edge_enhancement': False}
Wrapping the env with a `Monitor` wrapper
Wrapping the env in a DummyVecEnv.
env:  Dict('achieved_goal': Box([-10.        -10.         -3.1415925  -0.3      ], [10.        10.         3.1415927  1.       ], (4,), float32), 'desired_goal': Box([-10.        -10.         -3.1415925  -0.3      ], [10.        10.         3.1415927  1.       ], (4,), float32), 'observation': Box(-inf, inf, (5,), float32))
ctrl_env:  Dict('achieved_goal': Box([ 0.   0.   0.  -0.3], [0. 0. 0. 1.], (4,), float32), 'desired_goal': Box([ 0.   0.   0.  -0.3], [0. 0. 0. 1.], (4,), float32), 'observation': Box(-inf, inf, (5,), float32))
[update] step:  1 , ssa:  0 , num_ucs:  1
[update] step:  2 , ssa:  0 , num_ucs:  2
[update] step:  3 , ssa:  0 , num_ucs:  3
[update] step:  4 , ssa:  0 , num_ucs:  3
[update] step:  5 , ssa:  0 , num_ucs:  4
[update] step:  6 , ssa:  0 , num_ucs:  4
[update] step:  7 , ssa:  0 , num_ucs:  5
[update] step:  8 , ssa:  1 , num_ucs:  5
[update] step:  9 , ssa:  0 , num_ucs:  6
[update] step:  10 , ssa:  0 , num_ucs:  7
[update] step:  11 , ssa:  0 , num_ucs:  7
[update] step:  12 , ssa:  0 , num_ucs:  8
[update] step:  13 , ssa:  1 , num_ucs:  8
[update] step:  14 , ssa:  0 , num_ucs:  9
[update] step:  15 , ssa:  0 , num_ucs:  10
[update] step:  16 , ssa:  0 , num_ucs:  11
merge components  14  and  7
[update] step:  17 , ssa:  0 , num_ucs:  9
[update] step:  18 , ssa:  1 , num_ucs:  9
[update] step:  19 , ssa:  0 , num_ucs:  10
[update] step:  20 , ssa:  0 , num_ucs:  11
[update] step:  21 , ssa:  0 , num_ucs:  11
[update] step:  22 , ssa:  0 , num_ucs:  12
[update] step:  23 , ssa:  0 , num_ucs:  12
[update] step:  24 , ssa:  1 , num_ucs:  12
[update] step:  25 , ssa:  0 , num_ucs:  12
[update] step:  26 , ssa:  0 , num_ucs:  13
[update] step:  27 , ssa:  1 , num_ucs:  13
[update] step:  28 , ssa:  2 , num_ucs:  13
merge components  22  and  4
Cleanup
merge components  17  and  22
[update] step:  29 , ssa:  0 , num_ucs:  13
merge components  23  and  17
[update] step:  30 , ssa:  0 , num_ucs:  12
[update] step:  31 , ssa:  0 , num_ucs:  12
[update] step:  32 , ssa:  1 , num_ucs:  12
[update] step:  33 , ssa:  0 , num_ucs:  13
[update] step:  34 , ssa:  0 , num_ucs:  13
[update] step:  35 , ssa:  1 , num_ucs:  13
[update] step:  36 , ssa:  2 , num_ucs:  13
[update] step:  37 , ssa:  0 , num_ucs:  14
[update] step:  38 , ssa:  0 , num_ucs:  14
[update] step:  39 , ssa:  1 , num_ucs:  14
[update] step:  40 , ssa:  0 , num_ucs:  12
[update] step:  41 , ssa:  0 , num_ucs:  12
[update] step:  42 , ssa:  0 , num_ucs:  12
merge components  32  and  23
[update] step:  43 , ssa:  0 , num_ucs:  10
[update] step:  44 , ssa:  0 , num_ucs:  9
[update] step:  45 , ssa:  0 , num_ucs:  8
merge components  35  and  32
[update] step:  46 , ssa:  0 , num_ucs:  8
[update] step:  47 , ssa:  0 , num_ucs:  7
[update] step:  48 , ssa:  1 , num_ucs:  7
[update] step:  49 , ssa:  2 , num_ucs:  7
[update] step:  50 , ssa:  0 , num_ucs:  7
[update] step:  51 , ssa:  1 , num_ucs:  7
merge components  38  and  35
merge components  38  and  37
Cleanup
merge components  30  and  38
[update] step:  52 , ssa:  0 , num_ucs:  7
[update] step:  53 , ssa:  0 , num_ucs:  7
[update] step:  54 , ssa:  1 , num_ucs:  7
[update] step:  55 , ssa:  0 , num_ucs:  7
[update] step:  56 , ssa:  0 , num_ucs:  7
[update] step:  57 , ssa:  1 , num_ucs:  7
[update] step:  58 , ssa:  0 , num_ucs:  7
merge components  43  and  20
[update] step:  59 , ssa:  0 , num_ucs:  7
merge components  44  and  2
merge components  44  and  30
Cleanup
merge components  3  and  40
merge components  3  and  44
[update] step:  60 , ssa:  0 , num_ucs:  7
[update] step:  61 , ssa:  0 , num_ucs:  7
[update] step:  62 , ssa:  0 , num_ucs:  8
[update] step:  63 , ssa:  0 , num_ucs:  8
[update] step:  64 , ssa:  1 , num_ucs:  8
[update] step:  65 , ssa:  2 , num_ucs:  8
[update] step:  66 , ssa:  0 , num_ucs:  5
[update] step:  67 , ssa:  0 , num_ucs:  5
[update] step:  68 , ssa:  0 , num_ucs:  5
merge components  51  and  3
Cleanup
merge components  14  and  34
merge components  14  and  49
merge components  33  and  51
[update] step:  69 , ssa:  0 , num_ucs:  5
[update] step:  70 , ssa:  1 , num_ucs:  5
[update] step:  71 , ssa:  0 , num_ucs:  6
[update] step:  72 , ssa:  1 , num_ucs:  6
merge components  53  and  48
[update] step:  73 , ssa:  0 , num_ucs:  5
merge components  54  and  29
merge components  54  and  15
[update] step:  74 , ssa:  0 , num_ucs:  4
merge components  55  and  53
Cleanup
merge components  10  and  55
[update] step:  75 , ssa:  0 , num_ucs:  4
[update] step:  76 , ssa:  0 , num_ucs:  4
[update] step:  77 , ssa:  1 , num_ucs:  4
merge components  57  and  10
[update] step:  78 , ssa:  0 , num_ucs:  3
[update] step:  79 , ssa:  0 , num_ucs:  3
merge components  59  and  43
[update] step:  80 , ssa:  0 , num_ucs:  3
[update] step:  81 , ssa:  0 , num_ucs:  3
[update] step:  82 , ssa:  0 , num_ucs:  3
merge components  62  and  33
[update] step:  83 , ssa:  0 , num_ucs:  4
[update] step:  84 , ssa:  1 , num_ucs:  4
merge components  63  and  14
Cleanup
merge components  18  and  47
merge components  18  and  54
merge components  18  and  59
merge components  18  and  62
merge components  18  and  63
[update] step:  85 , ssa:  0 , num_ucs:  3
[update] step:  86 , ssa:  0 , num_ucs:  3
[update] step:  87 , ssa:  1 , num_ucs:  3
[update] step:  88 , ssa:  2 , num_ucs:  3
[update] step:  89 , ssa:  0 , num_ucs:  3
[update] step:  90 , ssa:  1 , num_ucs:  3
[update] step:  91 , ssa:  0 , num_ucs:  3
[update] step:  92 , ssa:  1 , num_ucs:  3
merge components  67  and  18
Cleanup
merge components  31  and  67
[update] step:  93 , ssa:  0 , num_ucs:  3
merge components  68  and  31
Cleanup
merge components  1  and  56
merge components  1  and  57
merge components  1  and  58
merge components  1  and  66
merge components  1  and  68
[update] step:  94 , ssa:  0 , num_ucs:  3
[update] step:  95 , ssa:  1 , num_ucs:  3
[update] step:  96 , ssa:  2 , num_ucs:  3
[update] step:  97 , ssa:  0 , num_ucs:  3
merge components  70  and  1
Cleanup
merge components  13  and  70
[update] step:  98 , ssa:  0 , num_ucs:  3
[update] step:  99 , ssa:  1 , num_ucs:  3
[update] step:  100 , ssa:  2 , num_ucs:  3
[update] step:  101 , ssa:  3 , num_ucs:  3
[update] step:  102 , ssa:  4 , num_ucs:  3
merge components  71  and  13
Cleanup
merge components  11  and  24
merge components  11  and  36
merge components  11  and  71
[update] step:  103 , ssa:  0 , num_ucs:  3
[update] step:  104 , ssa:  1 , num_ucs:  3
merge components  72  and  11
Cleanup
merge components  12  and  72
[update] step:  105 , ssa:  0 , num_ucs:  3
[update] step:  106 , ssa:  1 , num_ucs:  3
[update] step:  107 , ssa:  2 , num_ucs:  3
[update] step:  108 , ssa:  3 , num_ucs:  3
[update] step:  109 , ssa:  4 , num_ucs:  3
[update] step:  110 , ssa:  5 , num_ucs:  3
[update] step:  111 , ssa:  6 , num_ucs:  3
[update] step:  112 , ssa:  0 , num_ucs:  3
merge components  74  and  12
Cleanup
merge components  0  and  74
[update] step:  113 , ssa:  0 , num_ucs:  3
[update] step:  114 , ssa:  1 , num_ucs:  3
[update] step:  115 , ssa:  2 , num_ucs:  3
[update] step:  116 , ssa:  3 , num_ucs:  3
[update] step:  117 , ssa:  4 , num_ucs:  3
[update] step:  118 , ssa:  5 , num_ucs:  3
[update] step:  119 , ssa:  6 , num_ucs:  3
[update] step:  120 , ssa:  7 , num_ucs:  3
[update] step:  121 , ssa:  0 , num_ucs:  3
[update] step:  122 , ssa:  1 , num_ucs:  3
[update] step:  123 , ssa:  2 , num_ucs:  3
[update] step:  124 , ssa:  3 , num_ucs:  3
[update] step:  125 , ssa:  4 , num_ucs:  3
[update] step:  126 , ssa:  5 , num_ucs:  3
[update] step:  127 , ssa:  6 , num_ucs:  3
[update] step:  128 , ssa:  7 , num_ucs:  3
[update] step:  129 , ssa:  8 , num_ucs:  3
merge components  76  and  0
merge components  76  and  39
[update] step:  130 , ssa:  0 , num_ucs:  2
[update] step:  131 , ssa:  1 , num_ucs:  2
[update] step:  132 , ssa:  2 , num_ucs:  2
[update] step:  133 , ssa:  3 , num_ucs:  2
merge components  77  and  76
Cleanup
merge components  21  and  77
[update] step:  134 , ssa:  0 , num_ucs:  2
[update] step:  135 , ssa:  1 , num_ucs:  2
[update] step:  136 , ssa:  2 , num_ucs:  2
[update] step:  137 , ssa:  3 , num_ucs:  2
[update] step:  138 , ssa:  4 , num_ucs:  2
[update] step:  139 , ssa:  5 , num_ucs:  2
[update] step:  140 , ssa:  6 , num_ucs:  2
[update] step:  141 , ssa:  7 , num_ucs:  2
[update] step:  142 , ssa:  8 , num_ucs:  2
[update] step:  143 , ssa:  9 , num_ucs:  2
[update] step:  144 , ssa:  10 , num_ucs:  2
nodes:  {0: array([-8.23991487, -4.49899049,  0.42034844,  0.63336618,  0.        ]), 1: array([ 4.83449356,  0.83884505,  2.41525513, -0.28150804,  0.        ]), 2: array([-4.21018918, -6.28969949,  3.13740503,  0.31736465,  0.        ]), 3: array([-2.39244251, -8.21065201,  2.94827832,  0.1134113 ,  0.        ]), 4: array([-4.77544558,  5.42323671, -0.90801809, -0.02133645,  0.        ]), 5: array([ 5.07358997, -9.04640479, -1.77340466,  0.76341775,  0.        ]), 6: array([-6.67497228,  4.29884784, -2.18367686,  0.61073591,  0.        ]), 7: array([ 7.84325936, -8.6847995 , -0.1905332 ,  0.17352043,  0.        ]), 8: array([9.81025502, 0.6060846 , 2.92328322, 0.78809286, 0.        ]), 9: array([-3.58369175, -5.15912013,  0.32656573,  0.78965119,  0.        ]), 10: array([7.97266756, 7.07882795, 2.26761947, 0.76328511, 0.        ]), 11: array([ 6.61119716, -6.76499323, -0.70426309,  0.61234373,  0.        ]), 12: array([ 2.20856329, -7.09936996,  2.34503276,  0.62120171,  0.        ]), 13: array([ 9.01158546,  8.96145714, -0.54899392,  0.04961894,  0.        ]), 14: array([ 3.42874787, -2.04598328,  2.0303827 , -0.04994867,  0.        ]), 15: array([-6.66315557,  9.396488  ,  2.35938791,  0.76944362,  0.        ]), 16: array([-9.43029467, -5.18951308,  1.97756768,  0.17158988,  0.        ]), 17: array([0.31339564, 8.62042357, 1.01885416, 0.6134158 , 0.        ]), 18: array([ 4.29472168,  5.46255006, -2.27787443,  0.77638195,  0.        ]), 19: array([ 9.8388671 , -7.34700921, -3.02961156,  0.61512858,  0.        ]), 20: array([ 1.48589336, -2.33589878,  1.12546331, -0.03818138,  0.        ]), 21: array([-8.14801462,  5.28676353,  0.16807283,  0.5374196 ,  0.        ]), 22: array([-1.21740929,  7.20989977,  0.59821308,  0.43725536,  0.        ]), 23: array([-8.00004813,  7.72130047, -0.89718916,  0.17653458,  0.        ]), 24: array([ 4.40789442, -6.44833844, -0.61209536,  0.66576128,  0.        ]), 25: array([ 9.44303129, -9.96262279, -2.00703933,  0.14075535,  0.        ]), 26: array([-9.04297091, -8.0161083 ,  0.01394738, -0.24272391,  0.        ]), 27: array([ 1.86062822,  0.14566602, -0.3239353 ,  0.40073298,  0.        ]), 28: array([-2.7512668 ,  9.2797892 , -2.93502325, -0.23389859,  0.        ]), 29: array([-1.62856414,  7.84314608,  2.61621639,  0.1465977 ,  0.        ]), 30: array([-7.74821642, -0.53855173,  0.97095285,  0.83387881,  0.        ]), 31: array([ 7.04932901, -1.13250435, -0.74156094,  0.56516353,  0.        ]), 32: array([-6.89190103,  2.69485346, -1.2817848 ,  0.04189469,  0.        ]), 33: array([-3.6472853 , -0.43970688,  0.54372447, -0.28648053,  0.        ]), 34: array([ 1.49793781, -4.70186117,  0.72955312,  0.23012741,  0.        ]), 35: array([-2.77609735e+00,  4.04375726e+00, -2.83679070e-03,  2.81185738e-01,
        0.00000000e+00]), 36: array([ 4.59437643, -4.905714  ,  0.62555712,  0.42192962,  0.        ]), 37: array([-6.263603  , -5.33708488, -1.67110102,  0.62188071,  0.        ]), 38: array([-7.49385326, -2.98155327, -2.00307964,  0.16329972,  0.        ]), 39: array([-3.56186821,  0.5159481 ,  3.13993479,  0.79366389,  0.        ]), 40: array([-7.35464152, -8.92731538,  2.36796353,  0.22547043,  0.        ]), 41: array([-9.88534759, -1.04388951, -0.59287736,  0.56079995,  0.        ]), 42: array([-5.08197718,  0.73832944,  1.55454983,  0.63237582,  0.        ]), 43: array([2.1975528 , 0.41080831, 1.8095418 , 0.01707362, 0.        ]), 44: array([-2.28001601, -8.79150908, -1.35687334,  0.184391  ,  0.        ]), 45: array([-2.92586767,  6.27501349,  2.93491808,  0.99370845,  0.        ]), 46: array([ 8.39560569,  9.92178494,  1.68490636, -0.26552803,  0.        ]), 47: array([ 1.1387346 ,  6.1870063 ,  1.54906535, -0.0912724 ,  0.        ]), 48: array([ 1.49216745,  7.89269217, -0.99799907, -0.00903426,  0.        ]), 49: array([ 1.63500157, -7.52411415,  2.1138884 ,  0.8227306 ,  0.        ]), 50: array([ 1.32384081, -7.29697367,  1.48946105, -0.20058648,  0.        ]), 51: array([-5.72942942, -5.04379275,  0.38568829, -0.09767406,  0.        ]), 52: array([9.79548625, 4.15668538, 2.36139639, 0.52200896, 0.        ]), 53: array([ 4.85534619,  2.8139936 , -0.61013362,  0.05946933,  0.        ]), 54: array([-3.61764119,  8.65856037,  3.0545446 ,  0.03299901,  0.        ]), 55: array([ 6.15664022,  5.07944458, -0.28452335,  0.30947287,  0.        ]), 56: array([ 9.48288365, -1.27430815,  1.67716112,  0.49352858,  0.        ]), 57: array([ 8.97242486,  2.25508127, -0.0909639 ,  0.05988694,  0.        ]), 58: array([ 7.58728883, -2.60609063,  1.02623755,  0.6793594 ,  0.        ]), 59: array([1.75458337, 3.08215557, 2.16786045, 0.12802294, 0.        ]), 60: array([-2.61318821, -5.86650563, -1.05161905,  0.65686073,  0.        ]), 61: array([ 7.01108261, -8.19490837,  2.93115581,  0.58109853,  0.        ]), 62: array([-3.04972531, -8.26851006,  0.04978146,  0.11274326,  0.        ]), 63: array([ 1.67549079, -3.84158783,  1.38861212,  0.2670231 ,  0.        ]), 64: array([-5.36804102, -5.61194775, -2.59482622,  0.43091603,  0.        ]), 65: array([ 4.26490825, -8.41762451,  0.84529358,  0.98402763,  0.        ]), 66: array([ 6.48889038, -2.26873632, -0.93448076,  0.55116408,  0.        ]), 67: array([ 2.82584397, -1.65721579, -2.03665131,  0.17148803,  0.        ]), 68: array([ 4.51836409, -3.27925358, -0.44057219,  0.40688487,  0.        ]), 69: array([ 3.12679275,  6.59608489,  3.11564982, -0.26081777,  0.        ]), 70: array([8.9349889 , 5.90802058, 1.76182931, 0.64924451, 0.        ]), 71: array([ 1.69620945, -5.3036279 , -1.36168446, -0.07921151,  0.        ]), 72: array([ 4.00052811, -8.69180705, -1.64187146,  0.67741316,  0.        ]), 73: array([-1.09494372,  0.38082999, -2.28894333, -0.22702596,  0.        ]), 74: array([-8.04192571, -7.59602191,  2.23262844,  0.7368824 ,  0.        ]), 75: array([ 6.18934913, -9.77199939,  2.95451456,  0.29444971,  0.        ]), 76: array([-2.25036084, -1.08995289,  1.3590678 ,  0.28937731,  0.        ]), 77: array([-9.82902608,  7.13881832, -1.47107442, -0.09643927,  0.        ]), 78: array([-5.46041493,  7.04237953,  1.49228922,  0.50601076,  0.        ])}
edges:  {0: [32, 35, 76], 1: [14, 48, 54, 59, 68, 71], 2: [32, 44, 62, 76], 3: [2, 32, 76], 4: [22, 23, 32, 35, 38], 5: [2, 14, 43, 65, 67], 6: [32, 35], 7: [14, 43], 8: [48, 53, 54, 67, 68, 71], 9: [3, 32, 51, 76], 10: [53, 57, 67, 71], 11: [14, 43, 59, 67], 12: [34, 43, 49, 59, 62, 67], 13: [48, 53, 57, 71], 14: [7, 43, 49, 57, 59, 62, 71], 15: [29, 32, 54, 77], 16: [76], 17: [4, 32, 35, 53, 55, 57, 67, 77], 18: [29, 53, 57, 71], 19: [14], 20: [7, 43, 57, 59], 21: [33, 35, 38, 55], 22: [17, 4, 23, 32, 53, 55, 57], 23: [4, 15, 32, 35, 38, 53, 77], 24: [11, 14, 7, 43, 59, 67], 25: [], 26: [16, 38, 51, 62, 76], 27: [36, 48, 55, 57, 59], 28: [4, 22, 23, 32, 35, 48, 53, 55, 77], 29: [23, 32, 54], 30: [23, 32, 35, 76], 31: [7, 49, 59, 71], 32: [23], 33: [32, 4, 30, 62], 34: [14, 7, 43, 57, 59, 63, 67], 35: [32, 4, 22, 23], 36: [14, 43, 49, 53, 57, 59, 62, 67], 37: [32, 35, 9, 16, 30, 38, 44, 62, 76], 38: [32, 35, 37, 30, 51, 62, 76], 39: [30, 38, 23, 55, 76], 40: [32, 38, 51, 63, 74, 76], 41: [32, 35, 30, 51], 42: [32, 4, 38, 23, 30], 43: [20, 54, 55, 57, 59, 62], 44: [40, 2, 3, 38, 63, 72, 76], 45: [32, 35, 38], 46: [48], 47: [17, 29, 57, 67], 48: [32, 4, 45, 53, 55, 57], 49: [34, 43, 44, 59, 62, 67], 50: [49, 34, 43, 14, 59, 62, 63, 67], 51: [32, 33, 38, 62, 63, 76], 52: [57, 67, 70, 71], 53: [48, 57, 67, 71], 54: [32, 35, 4, 15, 53, 23, 29, 77], 55: [48, 10, 53, 57, 71], 56: [1, 53, 71], 57: [48, 53, 70, 71], 58: [49, 53, 71], 59: [18, 43, 47, 71], 60: [32, 33, 38, 63], 61: [59, 43, 14, 65], 62: [2, 3, 38, 63, 74], 63: [7, 43, 49, 57, 59], 64: [32, 33, 9, 44, 62, 30, 76], 65: [36, 43, 12, 14, 49, 59, 67, 72], 66: [7, 49, 53, 56, 58, 59], 67: [59, 14, 31, 68, 71], 68: [66, 7, 43, 49, 58, 59, 71], 69: [48, 53, 54, 57, 59, 71], 70: [13, 10, 67, 53, 71], 71: [34, 67, 68, 36, 7, 43, 14, 20, 24, 57, 59], 72: [67, 7, 43, 12, 14], 73: [38], 74: [0, 16, 32, 76], 75: [62, 14], 76: [32, 30, 39], 77: [32, 35, 4, 21]}
components:  {5: {5}, 6: {6}, 8: {8}, 9: {9}, 16: {16}, 19: {19}, 21: {0, 1, 2, 3, 4, 7, 10, 11, 12, 13, 14, 15, 17, 18, 20, 21, 22, 23, 24, 29, 30, 31, 32, 33, 34, 35, 36, 37, 38, 39, 40, 43, 44, 47, 48, 49, 51, 53, 54, 55, 56, 57, 58, 59, 62, 63, 66, 67, 68, 70, 71, 72, 74, 76, 77}, 25: {25}, 26: {26}, 27: {27}, 28: {28}, 41: {41}, 42: {42}, 45: {45}, 46: {46}, 50: {50}, 52: {52}, 60: {60}, 61: {61}, 64: {64}, 65: {65}, 69: {69}, 73: {73}, 75: {75}}
Traceback (most recent call last):
  File "/home/noah/rl-controllers/Roadmap/reachability_roadmap.py", line 430, in <module>
    result = roadmap.query_roadmap(start,goal)
             ^^^^^^^^^^^^^^^^^^^^^^^^^^^^^^^^^
  File "/home/noah/rl-controllers/Roadmap/reachability_roadmap.py", line 332, in query_roadmap
    plans.add(self.bfs_plan(second,penult))
TypeError: unhashable type: 'list'
