/home/noah/anaconda3/lib/python3.11/site-packages/gymnasium/utils/passive_env_checker.py:35: UserWarning: [33mWARN: A Box observation space maximum and minimum values are equal.[0m
  logger.warn("A Box observation space maximum and minimum values are equal.")
/home/noah/rl-controllers/configs/analytical_mushr.txt
{'env_name': 'CarLikeEnv_VG', 'dt': 0.1, 'max_steps': 150, 'prop_steps': 3, 'velocity_limits': [-0.3, 1], 'acceleration_limits': [-0.3, 0.3], 'steering_angle_limits': [-0.523, 0.523], 'env_limit': 10.0, 'distance_threshold': [0.5, 0.25, 0.3], 'loss_mode': 'combine_all_dist', 'goal_limit': [['-env_limit', 'env_limit'], ['-env_limit', 'env_limit'], ['-pi', 'pi'], ['low_vel', 'high_vel']], 'start_limit': [['-env_limit', 'env_limit'], ['-env_limit', 'env_limit'], ['-pi', 'pi'], ['low_vel', 'high_vel'], [0.0, 0.0]], 'num_steps': 3000000.0, 'alg': 'HER_SAC', 'seed': 0, 'model_uses_alt_env': True, 'model_env_config': 'analytical_mushr_zero_goal', 'geometry': True, 'geometry_yml': 'bar', 'edge_enhancement': False, 'epsilon': 10, 'max_rollout_steps_in_construction': 150}
/home/noah/rl-controllers/configs/analytical_mushr_zero_goal.txt
{'env_name': 'CarLikeEnv_VG_ZG', 'dt': 0.1, 'max_steps': 150, 'prop_steps': 3, 'velocity_limits': [-0.3, 1], 'acceleration_limits': [-0.3, 0.3], 'steering_angle_limits': [-0.523, 0.523], 'env_limit': 11.0, 'distance_threshold': [0.5, 0.25, 0.3], 'loss_mode': 'combine_all_dist', 'goal_limit': [[0.0, 0.0], [0.0, 0.0], [0.0, 0.0], ['low_vel', 'high_vel']], 'start_limit': [['-env_limit', 'env_limit'], ['-env_limit', 'env_limit'], ['-pi', 'pi'], ['low_vel', 'high_vel'], [0.0, 0.0]], 'num_steps': 5000000.0, 'alg': 'HER_SAC', 'seed': 0, 'model_uses_alt_env': False, 'geometry': False, 'edge_enhancement': False}
Wrapping the env with a `Monitor` wrapper
Wrapping the env in a DummyVecEnv.
env:  Dict('achieved_goal': Box([-10.        -10.         -3.1415925  -0.3      ], [10.        10.         3.1415927  1.       ], (4,), float32), 'desired_goal': Box([-10.        -10.         -3.1415925  -0.3      ], [10.        10.         3.1415927  1.       ], (4,), float32), 'observation': Box(-inf, inf, (5,), float32))
ctrl_env:  Dict('achieved_goal': Box([ 0.   0.   0.  -0.3], [0. 0. 0. 1.], (4,), float32), 'desired_goal': Box([ 0.   0.   0.  -0.3], [0. 0. 0. 1.], (4,), float32), 'observation': Box(-inf, inf, (5,), float32))
[update] step:  1 , ssa:  0 , num_ucs:  1
[update] step:  2 , ssa:  0 , num_ucs:  2
[update] step:  3 , ssa:  0 , num_ucs:  3
[update] step:  4 , ssa:  1 , num_ucs:  3
[update] step:  5 , ssa:  0 , num_ucs:  4
[update] step:  6 , ssa:  1 , num_ucs:  4
[update] step:  7 , ssa:  0 , num_ucs:  4
[update] step:  8 , ssa:  0 , num_ucs:  5
[update] step:  9 , ssa:  0 , num_ucs:  6
[update] step:  10 , ssa:  1 , num_ucs:  6
[update] step:  11 , ssa:  0 , num_ucs:  7
[update] step:  12 , ssa:  1 , num_ucs:  7
[update] step:  13 , ssa:  0 , num_ucs:  7
[update] step:  14 , ssa:  1 , num_ucs:  7
[update] step:  15 , ssa:  0 , num_ucs:  8
[update] step:  16 , ssa:  1 , num_ucs:  8
[update] step:  17 , ssa:  0 , num_ucs:  9
[update] step:  18 , ssa:  0 , num_ucs:  9
[update] step:  19 , ssa:  1 , num_ucs:  9
[update] step:  20 , ssa:  0 , num_ucs:  9
[update] step:  21 , ssa:  1 , num_ucs:  9
[update] step:  22 , ssa:  0 , num_ucs:  10
[update] step:  23 , ssa:  1 , num_ucs:  10
[update] step:  24 , ssa:  0 , num_ucs:  11
merge components  15  and  11
[update] step:  25 , ssa:  0 , num_ucs:  11
[update] step:  26 , ssa:  0 , num_ucs:  12
merge components  17  and  2
[update] step:  27 , ssa:  0 , num_ucs:  9
[update] step:  28 , ssa:  0 , num_ucs:  10
[update] step:  29 , ssa:  1 , num_ucs:  10
merge components  19  and  4
[update] step:  30 , ssa:  0 , num_ucs:  7
[update] step:  31 , ssa:  1 , num_ucs:  7
[update] step:  32 , ssa:  0 , num_ucs:  7
[update] step:  33 , ssa:  0 , num_ucs:  7
[update] step:  34 , ssa:  1 , num_ucs:  7
[update] step:  35 , ssa:  0 , num_ucs:  8
merge components  23  and  18
merge components  23  and  3
[update] step:  36 , ssa:  0 , num_ucs:  7
[update] step:  37 , ssa:  0 , num_ucs:  7
[update] step:  38 , ssa:  0 , num_ucs:  7
[update] step:  39 , ssa:  0 , num_ucs:  7
merge components  27  and  19
merge components  27  and  22
Cleanup
merge components  10  and  15
merge components  10  and  16
merge components  10  and  27
[update] step:  40 , ssa:  0 , num_ucs:  6
[update] step:  41 , ssa:  0 , num_ucs:  5
merge components  29  and  23
[update] step:  42 , ssa:  0 , num_ucs:  4
[update] step:  43 , ssa:  1 , num_ucs:  4
[update] step:  44 , ssa:  2 , num_ucs:  4
[update] step:  45 , ssa:  0 , num_ucs:  3
[update] step:  46 , ssa:  1 , num_ucs:  3
[update] step:  47 , ssa:  0 , num_ucs:  4
merge components  32  and  25
[update] step:  48 , ssa:  0 , num_ucs:  5
[update] step:  49 , ssa:  1 , num_ucs:  5
[update] step:  50 , ssa:  2 , num_ucs:  5
[update] step:  51 , ssa:  0 , num_ucs:  5
[update] step:  52 , ssa:  1 , num_ucs:  5
merge components  34  and  29
[update] step:  53 , ssa:  0 , num_ucs:  5
[update] step:  54 , ssa:  1 , num_ucs:  5
[update] step:  55 , ssa:  0 , num_ucs:  5
[update] step:  56 , ssa:  1 , num_ucs:  5
merge components  36  and  24
[update] step:  57 , ssa:  0 , num_ucs:  4
[update] step:  58 , ssa:  0 , num_ucs:  4
[update] step:  59 , ssa:  0 , num_ucs:  4
[update] step:  60 , ssa:  0 , num_ucs:  4
[update] step:  61 , ssa:  0 , num_ucs:  4
[update] step:  62 , ssa:  1 , num_ucs:  4
[update] step:  63 , ssa:  2 , num_ucs:  4
merge components  41  and  32
Cleanup
merge components  10  and  26
merge components  10  and  30
merge components  10  and  34
merge components  10  and  36
merge components  10  and  40
merge components  10  and  41
[update] step:  64 , ssa:  0 , num_ucs:  4
[update] step:  65 , ssa:  0 , num_ucs:  3
[update] step:  66 , ssa:  0 , num_ucs:  3
merge components  44  and  10
Cleanup
merge components  6  and  17
merge components  6  and  28
merge components  6  and  39
merge components  6  and  42
merge components  6  and  44
[update] step:  67 , ssa:  0 , num_ucs:  3
[update] step:  68 , ssa:  1 , num_ucs:  3
[update] step:  69 , ssa:  2 , num_ucs:  3
merge components  45  and  43
Cleanup
merge components  9  and  45
[update] step:  70 , ssa:  0 , num_ucs:  3
[update] step:  71 , ssa:  0 , num_ucs:  3
merge components  47  and  8
merge components  47  and  6
[update] step:  72 , ssa:  0 , num_ucs:  3
[update] step:  73 , ssa:  1 , num_ucs:  3
[update] step:  74 , ssa:  2 , num_ucs:  3
merge components  48  and  47
[update] step:  75 , ssa:  0 , num_ucs:  2
[update] step:  76 , ssa:  1 , num_ucs:  2
[update] step:  77 , ssa:  0 , num_ucs:  2
[update] step:  78 , ssa:  1 , num_ucs:  2
merge components  50  and  48
Cleanup
merge components  35  and  50
[update] step:  79 , ssa:  0 , num_ucs:  2
[update] step:  80 , ssa:  1 , num_ucs:  2
[update] step:  81 , ssa:  0 , num_ucs:  2
[update] step:  82 , ssa:  1 , num_ucs:  2
[update] step:  83 , ssa:  2 , num_ucs:  2
[update] step:  84 , ssa:  3 , num_ucs:  2
[update] step:  85 , ssa:  4 , num_ucs:  2
merge components  52  and  35
[update] step:  86 , ssa:  0 , num_ucs:  1
[update] step:  87 , ssa:  1 , num_ucs:  1
[update] step:  88 , ssa:  2 , num_ucs:  1
[update] step:  89 , ssa:  0 , num_ucs:  1
[update] step:  90 , ssa:  1 , num_ucs:  1
[update] step:  91 , ssa:  2 , num_ucs:  1
[update] step:  92 , ssa:  3 , num_ucs:  1
[update] step:  93 , ssa:  4 , num_ucs:  1
merge components  54  and  52
merge components  54  and  38
[update] step:  94 , ssa:  0 , num_ucs:  1
[update] step:  95 , ssa:  0 , num_ucs:  1
[update] step:  96 , ssa:  0 , num_ucs:  1
[update] step:  97 , ssa:  0 , num_ucs:  2
[update] step:  98 , ssa:  1 , num_ucs:  2
[update] step:  99 , ssa:  2 , num_ucs:  2
[update] step:  100 , ssa:  3 , num_ucs:  2
[update] step:  101 , ssa:  4 , num_ucs:  2
merge components  58  and  54
Cleanup
merge components  20  and  58
[update] step:  102 , ssa:  0 , num_ucs:  2
[update] step:  103 , ssa:  0 , num_ucs:  2
[update] step:  104 , ssa:  1 , num_ucs:  2
[update] step:  105 , ssa:  2 , num_ucs:  2
[update] step:  106 , ssa:  3 , num_ucs:  2
[update] step:  107 , ssa:  0 , num_ucs:  2
[update] step:  108 , ssa:  1 , num_ucs:  2
[update] step:  109 , ssa:  0 , num_ucs:  3
[update] step:  110 , ssa:  1 , num_ucs:  3
[update] step:  111 , ssa:  2 , num_ucs:  3
merge components  62  and  20
merge components  62  and  7
[update] step:  112 , ssa:  0 , num_ucs:  3
[update] step:  113 , ssa:  1 , num_ucs:  3
[update] step:  114 , ssa:  2 , num_ucs:  3
[update] step:  115 , ssa:  3 , num_ucs:  3
[update] step:  116 , ssa:  0 , num_ucs:  3
merge components  64  and  9
[update] step:  117 , ssa:  0 , num_ucs:  4
[update] step:  118 , ssa:  1 , num_ucs:  4
[update] step:  119 , ssa:  2 , num_ucs:  4
[update] step:  120 , ssa:  3 , num_ucs:  4
merge components  65  and  62
[update] step:  121 , ssa:  0 , num_ucs:  3
[update] step:  122 , ssa:  1 , num_ucs:  3
merge components  66  and  65
Cleanup
merge components  33  and  66
[update] step:  123 , ssa:  0 , num_ucs:  3
[update] step:  124 , ssa:  1 , num_ucs:  3
merge components  67  and  33
[update] step:  125 , ssa:  0 , num_ucs:  2
[update] step:  126 , ssa:  1 , num_ucs:  2
[update] step:  127 , ssa:  2 , num_ucs:  2
[update] step:  128 , ssa:  0 , num_ucs:  2
[update] step:  129 , ssa:  0 , num_ucs:  2
[update] step:  130 , ssa:  1 , num_ucs:  2
[update] step:  131 , ssa:  0 , num_ucs:  2
merge components  71  and  67
merge components  71  and  14
[update] step:  132 , ssa:  0 , num_ucs:  2
[update] step:  133 , ssa:  1 , num_ucs:  2
[update] step:  134 , ssa:  0 , num_ucs:  2
[update] step:  135 , ssa:  1 , num_ucs:  2
[update] step:  136 , ssa:  2 , num_ucs:  2
[update] step:  137 , ssa:  3 , num_ucs:  2
[update] step:  138 , ssa:  0 , num_ucs:  3
[update] step:  139 , ssa:  0 , num_ucs:  3
[update] step:  140 , ssa:  0 , num_ucs:  3
[update] step:  141 , ssa:  1 , num_ucs:  3
merge components  76  and  71
Cleanup
merge components  55  and  76
[update] step:  142 , ssa:  0 , num_ucs:  3
[update] step:  143 , ssa:  0 , num_ucs:  3
[update] step:  144 , ssa:  1 , num_ucs:  3
[update] step:  145 , ssa:  2 , num_ucs:  3
merge components  78  and  55
Cleanup
merge components  46  and  78
[update] step:  146 , ssa:  0 , num_ucs:  3
[update] step:  147 , ssa:  1 , num_ucs:  3
[update] step:  148 , ssa:  2 , num_ucs:  3
merge components  79  and  46
Cleanup
merge components  74  and  79
[update] step:  149 , ssa:  0 , num_ucs:  3
[update] step:  150 , ssa:  0 , num_ucs:  3
[update] step:  151 , ssa:  0 , num_ucs:  3
merge components  82  and  1
merge components  82  and  74
Cleanup
merge components  13  and  82
[update] step:  152 , ssa:  0 , num_ucs:  3
[update] step:  153 , ssa:  1 , num_ucs:  3
[update] step:  154 , ssa:  0 , num_ucs:  3-num_UCS
merge components  64  and  77
merge components  64  and  84
[update] step:  156 , ssa:  0 , num_ucs:  3
[update] step:  157 , ssa:  1 , num_ucs:  3
merge components  85  and  64
Cleanup
merge components  56  and  85
[update] step:  158 , ssa:  0 , num_ucs:  3
[update] step:  159 , ssa:  1 , num_ucs:  3
[update] step:  160 , ssa:  2 , num_ucs:  3
[update] step:  161 , ssa:  3 , num_ucs:  3
[update] step:  162 , ssa:  4 , num_ucs:  3
[update] step:  163 , ssa:  5 , num_ucs:  3
merge components  86  and  56
merge components  86  and  63
[update] step:  164 , ssa:  0 , num_ucs:  3
[update] step:  165 , ssa:  1 , num_ucs:  3
[update] step:  166 , ssa:  2 , num_ucs:  3
[update] step:  167 , ssa:  3 , num_ucs:  3
merge components  87  and  86
Cleanup
merge components  21  and  59
merge components  21  and  87
[update] step:  168 , ssa:  0 , num_ucs:  3
[update] step:  169 , ssa:  1 , num_ucs:  3
[update] step:  170 , ssa:  2 , num_ucs:  3
[update] step:  171 , ssa:  3 , num_ucs:  3
[update] step:  172 , ssa:  4 , num_ucs:  3
[update] step:  173 , ssa:  5 , num_ucs:  3
[update] step:  174 , ssa:  6 , num_ucs:  3
[update] step:  175 , ssa:  7 , num_ucs:  3
[update] step:  176 , ssa:  8 , num_ucs:  3
[update] step:  177 , ssa:  0 , num_ucs:  3
[update] step:  178 , ssa:  1 , num_ucs:  3
[update] step:  179 , ssa:  2 , num_ucs:  3
[update] step:  180 , ssa:  0 , num_ucs:  3
[update] step:  181 , ssa:  1 , num_ucs:  3-num_UCS
[update] step:  184 , ssa:  1 , num_ucs:  2
[update] step:  185 , ssa:  0 , num_ucs:  2
[update] step:  186 , ssa:  0 , num_ucs:  2
[update] step:  187 , ssa:  0 , num_ucs:  2
[update] step:  188 , ssa:  1 , num_ucs:  2
[update] step:  189 , ssa:  2 , num_ucs:  2
[update] step:  190 , ssa:  3 , num_ucs:  2
[update] step:  191 , ssa:  4 , num_ucs:  2
merge components  94  and  90
merge components  94  and  12
[update] step:  192 , ssa:  0 , num_ucs:  3
[update] step:  193 , ssa:  1 , num_ucs:  3
[update] step:  194 , ssa:  0 , num_ucs:  3
[update] step:  195 , ssa:  1 , num_ucs:  3
[update] step:  196 , ssa:  0 , num_ucs:  4
[update] step:  197 , ssa:  1 , num_ucs:  4
[update] step:  198 , ssa:  0 , num_ucs:  4
[update] step:  199 , ssa:  1 , num_ucs:  4
[update] step:  200 , ssa:  2 , num_ucs:  4
[update] step:  201 , ssa:  3 , num_ucs:  4
[update] step:  202 , ssa:  4 , num_ucs:  4
[update] step:  203 , ssa:  5 , num_ucs:  4
[update] step:  204 , ssa:  6 , num_ucs:  4
[update] step:  205 , ssa:  7 , num_ucs:  4
[update] step:  206 , ssa:  8 , num_ucs:  4
[update] step:  207 , ssa:  9 , num_ucs:  4
[update] step:  208 , ssa:  10 , num_ucs:  4
nodes:  {0: array([-2.26357831, -3.23023783,  3.00170296, -0.27087846,  0.        ]), 1: array([4.46326603, 3.56288164, 0.49145651, 0.61058998, 0.        ]), 2: array([-8.48035509,  6.23961264, -1.51327789,  0.70518074,  0.        ]), 3: array([-2.49646098, -5.65107625,  1.57131208,  0.1885673 ,  0.        ]), 4: array([ 3.1808481 ,  5.02560053, -2.19046228,  0.32965323,  0.        ]), 5: array([-9.60745199,  3.41346037,  0.39386173,  0.51309535,  0.        ]), 6: array([-5.13161165,  3.18254278, -0.81688925,  0.53226342,  0.        ]), 7: array([-3.10673917,  0.92590147,  1.62323708,  0.98320094,  0.        ]), 8: array([-7.72932311, -6.05232247,  0.59551747,  0.36067047,  0.        ]), 9: array([ 1.94988908,  8.46611116, -1.02422571, -0.09420282,  0.        ]), 10: array([ 7.22821768, -3.65443006,  2.12154327,  0.44896168,  0.        ]), 11: array([ 5.32628352, -7.13906319, -0.41682648,  0.71952169,  0.        ]), 12: array([ 8.58662038, -4.97074622, -2.38789355,  0.3654186 ,  0.        ]), 13: array([6.53976912, 0.87978648, 0.29676306, 0.73458937, 0.        ]), 14: array([-1.62710387, -7.29670359, -3.01396393,  0.38568574,  0.        ]), 15: array([ 3.03475988, -6.10286233, -1.82946875,  0.0828065 ,  0.        ]), 16: array([ 5.16147547, -2.44550448,  0.68031391,  0.28371994,  0.        ]), 17: array([-7.9913931 ,  8.96131017,  2.454716  ,  0.30371454,  0.        ]), 18: array([-6.67922061, -6.27130613,  2.08824452, -0.15012248,  0.        ]), 19: array([7.37910142, 6.05865881, 0.91226884, 0.92393622, 0.        ]), 20: array([-4.47829161, -0.83656057,  0.58562602,  0.40203655,  0.        ]), 21: array([-3.76080179, -2.01193215, -1.7234766 ,  0.62175779,  0.        ]), 22: array([ 6.32993552, -1.62053288, -0.34580214,  0.67493134,  0.        ]), 23: array([-2.86547969, -8.34743755,  1.23371884, -0.03127343,  0.        ]), 24: array([ 2.45970802, -8.87611771, -0.90293532,  0.80266341,  0.        ]), 25: array([-7.66534101, -2.95871568, -0.69942306, -0.16481657,  0.        ]), 26: array([-2.39165354,  3.17073494, -1.36591396,  0.19253127,  0.        ]), 27: array([ 3.8422516 , -0.84646336, -2.66681023, -0.12367598,  0.        ]), 28: array([-9.68923089,  4.81467637, -1.53898346,  0.49371536,  0.        ]), 29: array([-4.70544164, -7.3264641 , -1.4413773 , -0.20120951,  0.        ]), 30: array([-7.45773987, -0.81204328,  2.34590919,  0.3183722 ,  0.        ]), 31: array([ 7.39937989, -9.62896795, -2.98953192, -0.176557  ,  0.        ]), 32: array([-8.73808169, -0.18334944,  2.78404143,  0.92171285,  0.        ]), 33: array([ 7.66610595, -0.67190605,  2.42041367, -0.02707876,  0.        ]), 34: array([-1.06463446, -8.43568794,  0.67802418,  0.62272224,  0.        ]), 35: array([ 1.47410155, -6.56249324,  0.64482621, -0.24322762,  0.        ]), 36: array([ 1.27738296, -7.73080756,  2.38405783,  0.88245665,  0.        ]), 37: array([-2.95300572,  1.40887871, -3.01633686,  0.26121033,  0.        ]), 38: array([ 2.94694845, -5.62847121, -1.37210043,  0.73162715,  0.        ]), 39: array([ 5.27450551,  8.09569436, -2.19635091,  0.79122964,  0.        ]), 40: array([5.92142793, 9.06931249, 0.45591128, 0.6751713 , 0.        ]), 41: array([-7.70469649, -2.99745108,  0.19387337,  0.33387626,  0.        ]), 42: array([-2.38689429,  7.57114496,  2.83681178,  0.10613172,  0.        ]), 43: array([3.99914878, 8.74800365, 0.80207491, 0.43609149, 0.        ]), 44: array([7.29975956, 8.874718  , 2.01834992, 0.51691754, 0.        ]), 45: array([ 2.54590062,  8.97862065, -2.68026712,  0.71915285,  0.        ]), 46: array([-8.44893974,  8.18413947, -0.81720928, -0.09348309,  0.        ]), 47: array([-7.05860854, -9.66575527,  1.75762778,  0.08544426,  0.        ]), 48: array([-4.60445094,  2.53696334,  1.1775231 , -0.02845713,  0.        ]), 49: array([ 1.87580815, -0.91891473, -0.2767179 ,  0.29253079,  0.        ]), 50: array([ 4.29375221, -5.66705622,  2.59636775,  0.57817555,  0.        ]), 51: array([-8.9909212 ,  5.01327055, -0.06895603,  0.46551269,  0.        ]), 52: array([ 4.48998151, -9.88260935, -2.50466134, -0.10665581,  0.        ]), 53: array([-8.89605204,  6.30186324,  2.46126166, -0.29920826,  0.        ]), 54: array([ 3.21547636, -1.7057677 ,  2.33379969,  0.25405343,  0.        ]), 55: array([ 8.94192235,  3.4298825 , -1.28909466,  0.46351584,  0.        ]), 56: array([-2.00422726,  8.94685495,  2.3176333 ,  0.07398334,  0.        ]), 57: array([-4.79479332, -9.52023111, -2.33553386,  0.75260977,  0.        ]), 58: array([-4.53192215, -6.20102917, -1.21545308,  0.9182005 ,  0.        ]), 59: array([-5.63198395,  0.48313377, -2.83370668,  0.36512928,  0.        ]), 60: array([ 9.50791713, -7.79064532, -2.75573268,  0.42859692,  0.        ]), 61: array([-7.10485738,  9.82854543, -2.19352782,  0.25154103,  0.        ]), 62: array([-2.66218119, -0.04391925,  1.86450566,  0.12913582,  0.        ]), 63: array([ 2.89960912,  5.09860836, -0.13441349, -0.27217168,  0.        ]), 64: array([1.02249894, 9.58757907, 0.03574225, 0.87200847, 0.        ]), 65: array([ 5.06506856, -1.10759184, -2.1978344 ,  0.0439034 ,  0.        ]), 66: array([ 7.86315435, -5.24055275,  0.29270478,  0.43917194,  0.        ]), 67: array([-6.60958232, -4.12332938, -1.80105423,  0.2838458 ,  0.        ]), 68: array([ 9.72077159,  3.19430516, -2.30093754,  0.69565465,  0.        ]), 69: array([-1.90693913,  0.58729585, -2.89171325,  0.65251214,  0.        ]), 70: array([ 5.5010866 ,  7.59864222, -2.82733748,  0.66698184,  0.        ]), 71: array([-1.12855393, -7.7772173 ,  1.96530999,  0.40756349,  0.        ]), 72: array([-8.10038065, -9.20519903,  1.59169464,  0.75754136,  0.        ]), 73: array([-1.6660785 ,  9.65053126,  2.0078629 ,  0.76256714,  0.        ]), 74: array([-8.51950428, -7.56535928, -1.76425927,  0.47851273,  0.        ]), 75: array([-1.48967382,  7.44051538, -2.83887833,  0.54021637,  0.        ]), 76: array([ 4.23172816,  3.75177924, -2.44254694, -0.01188222,  0.        ]), 77: array([-6.29848358,  2.0255308 , -2.29546574,  0.44034385,  0.        ]), 78: array([-7.02450755,  7.43119645,  2.65750388, -0.27142584,  0.        ]), 79: array([-8.3905794 , -4.13847627, -2.09913312,  0.84781163,  0.        ]), 80: array([ 7.3194152 ,  8.51539788, -1.1327052 , -0.29994525,  0.        ]), 81: array([-0.89233266,  7.32497743, -0.13468446,  0.39259021,  0.        ]), 82: array([ 4.27845749, -2.70959551, -1.85018097, -0.03094573,  0.        ]), 83: array([-7.48426077,  8.38136492, -3.02856631,  0.21521795,  0.        ]), 84: array([-4.36401395,  5.46279014,  2.77433186,  0.45555397,  0.        ]), 85: array([0.94508978, 6.53342604, 2.37783726, 0.54554857, 0.        ]), 86: array([2.9950891 , 5.91766358, 2.95410133, 0.13817172, 0.        ]), 87: array([-4.50612717,  1.3065155 ,  3.09221696,  0.20416347,  0.        ]), 88: array([ 0.93577617, -9.27779508,  1.7344101 ,  0.60462899,  0.        ]), 89: array([ 4.17909196, -5.30652575,  0.65278917,  0.38712405,  0.        ]), 90: array([ 2.00211418,  8.56843371, -0.15141552, -0.16087648,  0.        ]), 91: array([-4.13813395, -6.69245221, -2.56359731,  0.42219432,  0.        ]), 92: array([ 8.54424633, -1.4767899 , -2.30914995,  0.39713648,  0.        ]), 93: array([-2.96814313, -3.87607977, -3.08297656,  0.29151183,  0.        ]), 94: array([ 8.89447255, -1.76987473, -1.99857892,  0.84275812,  0.        ]), 95: array([ 9.41607785,  4.65117233,  2.67032659, -0.12018974,  0.        ]), 96: array([ 2.14856152,  2.80872421,  3.07984988, -0.23122057,  0.        ]), 97: array([ 5.98347193, -8.31093138,  2.62609806,  0.7494507 ,  0.        ]), 98: array([-6.97860636, -1.44289181,  0.09046521,  0.1620931 ,  0.        ])}
edges:  {0: [29, 30, 32, 48], 1: [19, 27, 39, 63, 65, 82, 86], 2: [17, 67], 3: [23, 29, 32, 36, 47, 48, 58, 62], 4: [1, 15, 19, 27, 82, 85, 86], 5: [17, 58, 67, 79], 6: [17, 25, 32, 48, 58, 67, 84, 90], 7: [17, 58, 59, 62, 67, 79, 84], 8: [3, 30, 32, 41, 47, 48, 62], 9: [28, 43, 64, 65, 76, 82], 10: [15, 19, 54, 65, 76, 82], 11: [10, 15, 19, 36, 50, 54, 65, 66], 12: [10, 52, 76, 94], 13: [19, 76, 86], 14: [48, 62, 71], 15: [11, 50, 54, 65, 76], 16: [19, 52, 65, 76], 17: [2, 42, 48, 62, 78], 18: [23, 30, 47, 48, 62], 19: [4, 40, 44], 20: [17, 23, 48, 79], 21: [7, 29, 32, 48, 58, 62, 67], 22: [27, 52, 76, 82, 94], 23: [18, 3, 30, 48, 62], 24: [16, 15, 36, 65], 25: [18, 20, 29, 30, 32, 41, 48, 62], 26: [17, 25, 29, 58, 67, 84, 90], 27: [10, 15, 16, 19, 22, 52], 28: [17, 67], 29: [3, 30, 34, 48, 58, 62, 79], 30: [17, 32], 31: [52], 32: [25], 33: [19, 86], 34: [3, 14, 15, 48, 52, 65, 71], 35: [16, 36, 52, 54], 36: [24, 30, 58], 37: [3, 7, 17, 21, 25, 29, 58, 59, 67, 87], 38: [11, 15, 54, 65], 39: [27, 26, 19, 4, 65, 76, 82], 40: [26, 76], 41: [32, 29, 30, 47, 48, 62, 79, 87], 42: [6, 62, 67], 43: [26, 45, 65, 76], 44: [26, 4, 28, 39], 45: [4, 40, 9, 43, 15, 26, 28, 65, 82], 46: [17, 67], 47: [8, 18, 30, 62, 79], 48: [17, 87, 90], 49: [19, 65, 76], 50: [11, 24, 35, 52, 54, 76], 51: [48, 17, 25, 67], 52: [36, 65], 53: [32, 17, 43, 62], 54: [19, 38, 66, 86], 55: [33, 15, 19, 22, 27, 65, 82, 86], 56: [2], 57: [], 58: [32, 34, 3, 48, 20, 29, 30, 62], 59: [32, 48, 20, 21, 25, 58, 29, 67, 79], 60: [50, 52, 54, 94], 61: [67], 62: [17, 7, 79, 84, 87], 63: [56, 27, 19, 15, 64, 65, 82, 85, 86], 64: [45, 65, 82], 65: [52, 15, 82], 66: [65, 33, 19, 54, 76, 82], 67: [32, 48, 62, 58, 29, 30], 68: [65, 27, 15, 82], 69: [58, 67, 29, 79, 87], 70: [65, 4, 19, 26, 27, 76, 82], 71: [32, 3, 36, 14, 48, 17, 62, 30], 72: [8, 18, 62, 58, 29, 30], 73: [], 74: [48, 18, 58], 75: [64, 6, 73, 42, 56, 26, 62, 90], 76: [65, 15, 19, 55, 27, 82, 86], 77: [48, 17, 20, 25, 58, 29], 78: [32, 62, 48, 46], 79: [74, 47, 48, 58, 29, 30], 80: [65, 26, 76], 81: [73, 62, 82], 82: [1, 65, 66, 76, 13, 15, 19, 52], 83: [17, 2, 67], 84: [67, 6, 43, 77, 48, 17, 62], 85: [56, 42, 86, 90], 86: [56, 64, 85, 63, 90], 87: [67, 7, 17, 21, 58, 59, 29, 62], 88: [65, 35, 36, 15, 48, 52, 54, 62, 30], 89: [65, 36, 76, 16, 82, 19, 52, 54, 94], 90: [64, 65, 39, 73, 43, 76, 82], 91: [3, 48, 62, 57, 29, 30], 92: [12, 76, 15, 19, 52, 94], 93: [48, 58, 91, 29, 62], 94: [33, 12, 15, 19, 52], 95: [82], 96: [], 97: [65, 36, 11, 16, 54]}
components:  {0: {0}, 5: {5}, 31: {31}, 37: {37}, 49: {49}, 51: {51}, 53: {53}, 57: {57}, 60: {60}, 61: {61}, 68: {68}, 69: {69}, 70: {70}, 72: {72}, 73: {73}, 75: {75}, 80: {80}, 81: {81}, 83: {83}, 88: {88}, 89: {89}, 91: {91}, 92: {92}, 93: {93}, 94: {1, 2, 3, 4, 6, 7, 8, 9, 10, 11, 12, 13, 14, 15, 16, 17, 18, 19, 20, 21, 22, 23, 24, 25, 26, 27, 28, 29, 30, 32, 33, 34, 35, 36, 38, 39, 40, 41, 42, 43, 44, 45, 46, 47, 48, 50, 52, 54, 55, 56, 58, 59, 62, 63, 64, 65, 66, 67, 71, 74, 76, 77, 78, 79, 82, 84, 85, 86, 87, 90, 94}, 95: {95}, 96: {96}, 97: {97}}
